BL51 BANKED LINKER/LOCATER V6.22.4.0                                                    12/26/2025  18:56:14  PAGE 1


BL51 BANKED LINKER/LOCATER V6.22.4.0, INVOKED BY:
C:\KEIL_V5\C51\BIN\BL51.EXE .\Objects\main.obj TO .\Objects\test PRINT (.\Listings\test.m51) RAMSIZE (256)


MEMORY MODEL: SMALL


INPUT MODULES INCLUDED:
  .\Objects\main.obj (MAIN)
  C:\KEIL_V5\C51\LIB\C51S.LIB (?C_STARTUP)


LINK MAP OF MODULE:  .\Objects\test (MAIN)


            TYPE    BASE      LENGTH    RELOCATION   SEGMENT NAME
            -----------------------------------------------------

            * * * * * * *   D A T A   M E M O R Y   * * * * * * *
            REG     0000H     0008H     ABSOLUTE     "REG BANK 0"
            IDATA   0008H     0001H     UNIT         ?STACK

            * * * * * * *   C O D E   M E M O R Y   * * * * * * *
            CODE    0000H     0003H     ABSOLUTE     
                    0003H     07FDH                  *** GAP ***
            CODE    0800H     00C2H     UNIT         ?PR?_LIGHTING?MAIN
            CODE    08C2H     003FH     UNIT         ?PR?MAIN?MAIN
            CODE    0901H     000CH     UNIT         ?C_C51STARTUP
            CODE    090DH     0009H     UNIT         ?PR?DELAY200US?MAIN



OVERLAY MAP OF MODULE:   .\Objects\test (MAIN)


SEGMENT
  +--> CALLED SEGMENT
---------------------
?C_C51STARTUP
  +--> ?PR?MAIN?MAIN

?PR?MAIN?MAIN
  +--> ?PR?_LIGHTING?MAIN

?PR?_LIGHTING?MAIN
  +--> ?PR?DELAY200US?MAIN



SYMBOL TABLE OF MODULE:  .\Objects\test (MAIN)

  VALUE           TYPE          NAME
  ----------------------------------

  -------         MODULE        MAIN
  C:0000H         SYMBOL        _ICE_DUMMY_
  D:0080H         PUBLIC        P0
  B:00A0H.2       PUBLIC        P2_2
BL51 BANKED LINKER/LOCATER V6.22.4.0                                                  12/26/2025  18:56:14  PAGE 2


  B:00A0H.3       PUBLIC        P2_3
  B:00A0H.4       PUBLIC        P2_4
  C:08C2H         PUBLIC        main
  C:0803H         PUBLIC        _lighting
  C:090DH         PUBLIC        Delay200us
  -------         PROC          DELAY200US
  -------         DO            
  D:0007H         SYMBOL        i
  D:0006H         SYMBOL        j
  -------         ENDDO         
  C:090DH         LINE#         2
  C:090DH         LINE#         3
  C:090DH         LINE#         6
  C:090FH         LINE#         7
  C:0911H         LINE#         9
  C:0911H         LINE#         10
  C:0913H         LINE#         11
  C:0915H         LINE#         12
  -------         ENDPROC       DELAY200US
  -------         PROC          L?0039
  -------         ENDPROC       L?0039
  -------         PROC          _LIGHTING
  D:0006H         SYMBOL        x
  D:0004H         SYMBOL        y
  C:0803H         LINE#         18
  C:0803H         LINE#         19
  C:0803H         LINE#         20
  C:0833H         LINE#         21
  C:0833H         LINE#         22
  C:0837H         LINE#         23
  C:083FH         LINE#         24
  C:0843H         LINE#         25
  C:084BH         LINE#         26
  C:084FH         LINE#         27
  C:0857H         LINE#         28
  C:085BH         LINE#         29
  C:0861H         LINE#         30
  C:0861H         LINE#         31
  C:088FH         LINE#         32
  C:088FH         LINE#         33
  C:0894H         LINE#         34
  C:0899H         LINE#         35
  C:089EH         LINE#         36
  C:08A3H         LINE#         37
  C:08A8H         LINE#         38
  C:08ADH         LINE#         39
  C:08B2H         LINE#         40
  C:08B7H         LINE#         41
  C:08BCH         LINE#         42
  C:08BFH         LINE#         43
  C:08BFH         LINE#         44
  -------         ENDPROC       _LIGHTING
  -------         PROC          MAIN
  C:08C2H         LINE#         46
  C:08C2H         LINE#         47
  C:08C2H         LINE#         48
  C:08C2H         LINE#         49
BL51 BANKED LINKER/LOCATER V6.22.4.0                                                  12/26/2025  18:56:14  PAGE 3


  C:08C2H         LINE#         50
  C:08CDH         LINE#         51
  C:08D2H         LINE#         52
  C:08D7H         LINE#         53
  C:08DFH         LINE#         54
  C:08E7H         LINE#         55
  C:08EFH         LINE#         56
  C:08F7H         LINE#         57
  C:08FFH         LINE#         58
  -------         ENDPROC       MAIN
  -------         ENDMOD        MAIN

******************************************************************************
* RESTRICTED VERSION WITH 0800H BYTE CODE SIZE LIMIT; USED: 010AH BYTE (12%) *
******************************************************************************

Program Size: data=9.0 xdata=0 code=281
LINK/LOCATE RUN COMPLETE.  0 WARNING(S),  0 ERROR(S)
