BL51 BANKED LINKER/LOCATER V6.22.4.0                                                    12/26/2025  22:11:58  PAGE 1


BL51 BANKED LINKER/LOCATER V6.22.4.0, INVOKED BY:
C:\KEIL_V5\C51\BIN\BL51.EXE .\Objects\main.obj, .\Objects\LCD1602.obj, .\Objects\MatrixKey.obj TO .\Objects\test PRINT (
>> .\Listings\test.m51) RAMSIZE (256)


MEMORY MODEL: SMALL


INPUT MODULES INCLUDED:
  .\Objects\main.obj (MAIN)
  .\Objects\LCD1602.obj (LCD1602)
  .\Objects\MatrixKey.obj (MATRIXKEY)
  C:\KEIL_V5\C51\LIB\C51S.LIB (?C_STARTUP)
  C:\KEIL_V5\C51\LIB\C51S.LIB (?C?CLDOPTR)
  C:\KEIL_V5\C51\LIB\C51S.LIB (?C?IMUL)
  C:\KEIL_V5\C51\LIB\C51S.LIB (?C?UIDIV)


LINK MAP OF MODULE:  .\Objects\test (MAIN)


            TYPE    BASE      LENGTH    RELOCATION   SEGMENT NAME
            -----------------------------------------------------

            * * * * * * *   D A T A   M E M O R Y   * * * * * * *
            REG     0000H     0008H     ABSOLUTE     "REG BANK 0"
            DATA    0008H     0009H     UNIT         _DATA_GROUP_
            DATA    0011H     0007H     UNIT         ?DT?_LCD_SHOWSIGNEDNUM?LCD1602
            DATA    0018H     0005H     UNIT         ?DT?_LCD_SHOWHEXNUM?LCD1602
            DATA    001DH     0005H     UNIT         ?DT?_LCD_SHOWBINNUM?LCD1602
            DATA    0022H     0001H     UNIT         ?DT?MAIN
            IDATA   0023H     0001H     UNIT         ?STACK

            * * * * * * *   C O D E   M E M O R Y   * * * * * * *
            CODE    0000H     0003H     ABSOLUTE     
                    0003H     07FDH                  *** GAP ***
            CODE    0800H     00F9H     UNIT         ?PR?MATRIXKEY?MATRIXKEY
            CODE    08F9H     0094H     UNIT         ?C?LIB_CODE
            CODE    098DH     003AH     UNIT         ?PR?_LCD_SHOWSIGNEDNUM?LCD1602
            CODE    09C7H     0039H     UNIT         ?PR?_LCD_SHOWHEXNUM?LCD1602
            CODE    0A00H     0038H     UNIT         ?PR?_LCD_SHOWBINNUM?LCD1602
            CODE    0A38H     0033H     UNIT         ?PR?_LCD_POW?LCD1602
            CODE    0A6BH     0028H     UNIT         ?PR?MAIN?MAIN
            CODE    0A93H     0023H     UNIT         ?PR?_LCD_SHOWSTRING?LCD1602
            CODE    0AB6H     001EH     UNIT         ?PR?_LCD_WRITEDATA?LCD1602
            CODE    0AD4H     001DH     UNIT         ?PR?_LCD_SHOWNUM?LCD1602
            CODE    0AF1H     0016H     UNIT         ?PR?_LCD_SETCURSOR?LCD1602
            CODE    0B07H     0014H     UNIT         ?PR?LCD_INIT?LCD1602
            CODE    0B1BH     000FH     UNIT         ?PR?LCD_DELAY?LCD1602
            CODE    0B2AH     000FH     UNIT         ?PR?DELAY?MATRIXKEY
            CODE    0B39H     000CH     UNIT         ?CO?MAIN
            CODE    0B45H     000CH     UNIT         ?C_C51STARTUP
            CODE    0B51H     000AH     UNIT         ?PR?_LCD_WRITECOMMAND?LCD1602
            CODE    0B5BH     000AH     UNIT         ?PR?_LCD_SHOWCHAR?LCD1602



OVERLAY MAP OF MODULE:   .\Objects\test (MAIN)
BL51 BANKED LINKER/LOCATER V6.22.4.0                                                  12/26/2025  22:11:58  PAGE 2




SEGMENT                                  DATA_GROUP 
  +--> CALLED SEGMENT                  START    LENGTH
------------------------------------------------------
?C_C51STARTUP                          -----    -----
  +--> ?PR?MAIN?MAIN

?PR?MAIN?MAIN                          -----    -----
  +--> ?PR?LCD_INIT?LCD1602
  +--> ?CO?MAIN
  +--> ?PR?_LCD_SHOWSTRING?LCD1602
  +--> ?PR?MATRIXKEY?MATRIXKEY
  +--> ?PR?_LCD_SHOWNUM?LCD1602

?PR?LCD_INIT?LCD1602                   -----    -----
  +--> ?PR?_LCD_WRITECOMMAND?LCD1602

?PR?_LCD_WRITECOMMAND?LCD1602          -----    -----
  +--> ?PR?LCD_DELAY?LCD1602

?PR?_LCD_SHOWSTRING?LCD1602            0008H    0003H
  +--> ?PR?_LCD_SETCURSOR?LCD1602
  +--> ?PR?_LCD_WRITEDATA?LCD1602

?PR?_LCD_SETCURSOR?LCD1602             -----    -----
  +--> ?PR?_LCD_WRITECOMMAND?LCD1602

?PR?_LCD_WRITEDATA?LCD1602             -----    -----
  +--> ?PR?LCD_DELAY?LCD1602

?PR?MATRIXKEY?MATRIXKEY                -----    -----
  +--> ?PR?DELAY?MATRIXKEY

?PR?_LCD_SHOWNUM?LCD1602               0008H    0005H
  +--> ?PR?_LCD_SETCURSOR?LCD1602
  +--> ?PR?_LCD_POW?LCD1602
  +--> ?PR?_LCD_WRITEDATA?LCD1602

?PR?_LCD_POW?LCD1602                   000DH    0004H



SYMBOL TABLE OF MODULE:  .\Objects\test (MAIN)

  VALUE           TYPE          NAME
  ----------------------------------

  -------         MODULE        MAIN
  C:0000H         SYMBOL        _ICE_DUMMY_
  C:0A6BH         PUBLIC        main
  D:0022H         PUBLIC        i
  -------         PROC          MAIN
  C:0A6BH         LINE#         6
  C:0A6BH         LINE#         7
  C:0A6BH         LINE#         8
  C:0A6EH         LINE#         9
BL51 BANKED LINKER/LOCATER V6.22.4.0                                                  12/26/2025  22:11:58  PAGE 3


  C:0A7BH         LINE#         11
  C:0A7BH         LINE#         12
  C:0A7BH         LINE#         13
  C:0A80H         LINE#         14
  C:0A84H         LINE#         15
  C:0A84H         LINE#         16
  C:0A91H         LINE#         17
  C:0A91H         LINE#         18
  -------         ENDPROC       MAIN
  -------         ENDMOD        MAIN

  -------         MODULE        LCD1602
  C:0000H         SYMBOL        _ICE_DUMMY_
  D:0080H         PUBLIC        P0
  D:00A0H         PUBLIC        P2
  C:0B51H         PUBLIC        _LCD_WriteCommand
  C:0AD4H         PUBLIC        _LCD_ShowNum
  C:0A00H         PUBLIC        _LCD_ShowBinNum
  C:0B21H         PUBLIC        LCD_Delay
  C:09C7H         PUBLIC        _LCD_ShowHexNum
  C:0ACAH         PUBLIC        _LCD_WriteData
  B:00A0H.7       PUBLIC        LCD_EN
  C:0B07H         PUBLIC        LCD_Init
  C:0A93H         PUBLIC        _LCD_ShowString
  C:0B5BH         PUBLIC        _LCD_ShowChar
  B:00A0H.6       PUBLIC        LCD_RS
  B:00A0H.5       PUBLIC        LCD_RW
  C:0AF1H         PUBLIC        _LCD_SetCursor
  C:098DH         PUBLIC        _LCD_ShowSignedNum
  C:0A44H         PUBLIC        _LCD_Pow
  -------         PROC          L?0048
  -------         ENDPROC       L?0048
  -------         PROC          LCD_DELAY
  -------         DO            
  D:0007H         SYMBOL        i
  D:0006H         SYMBOL        j
  -------         ENDDO         
  C:0B21H         LINE#         15
  C:0B21H         LINE#         16
  C:0B21H         LINE#         19
  C:0B23H         LINE#         20
  C:0B25H         LINE#         22
  C:0B25H         LINE#         23
  C:0B27H         LINE#         24
  C:0B29H         LINE#         25
  -------         ENDPROC       LCD_DELAY
  -------         PROC          _LCD_WRITECOMMAND
  D:0007H         SYMBOL        Command
  C:0B51H         LINE#         32
  C:0B51H         LINE#         33
  C:0B51H         LINE#         34
  C:0B53H         LINE#         35
  C:0B53H         LINE#         36
  C:0B53H         LINE#         37
  C:0B53H         LINE#         38
  C:0B56H         LINE#         39
  C:0B58H         LINE#         40
BL51 BANKED LINKER/LOCATER V6.22.4.0                                                  12/26/2025  22:11:58  PAGE 4


  -------         ENDPROC       _LCD_WRITECOMMAND
  -------         PROC          L?0047
  -------         ENDPROC       L?0047
  -------         PROC          _LCD_WRITEDATA
  D:0007H         SYMBOL        Data
  C:0ACAH         LINE#         48
  C:0ACAH         LINE#         49
  C:0ACAH         LINE#         50
  C:0ACCH         LINE#         51
  C:0ACCH         LINE#         52
  C:0ACCH         LINE#         53
  C:0ACCH         LINE#         54
  C:0ACFH         LINE#         55
  C:0AD1H         LINE#         56
  -------         ENDPROC       _LCD_WRITEDATA
  -------         PROC          _LCD_SETCURSOR
  D:0006H         SYMBOL        Line
  D:0005H         SYMBOL        Column
  C:0AF1H         LINE#         65
  C:0AF3H         LINE#         66
  C:0AF3H         LINE#         67
  C:0AF6H         LINE#         68
  C:0AF6H         LINE#         69
  C:0AF8H         LINE#         70
  C:0AFAH         LINE#         71
  C:0AFDH         LINE#         72
  C:0AFDH         LINE#         73
  C:0B06H         LINE#         74
  C:0B06H         LINE#         75
  -------         ENDPROC       _LCD_SETCURSOR
  -------         PROC          LCD_INIT
  C:0B07H         LINE#         82
  C:0B07H         LINE#         83
  C:0B07H         LINE#         84
  C:0B0CH         LINE#         85
  C:0B11H         LINE#         86
  C:0B16H         LINE#         87
  -------         ENDPROC       LCD_INIT
  -------         PROC          _LCD_SHOWCHAR
  D:0006H         SYMBOL        Line
  D:0005H         SYMBOL        Column
  D:0004H         SYMBOL        Char
  C:0B5BH         LINE#         97
  C:0B5DH         LINE#         98
  C:0B5DH         LINE#         99
  C:0B60H         LINE#         100
  -------         ENDPROC       _LCD_SHOWCHAR
  -------         PROC          _LCD_SHOWSTRING
  D:0007H         SYMBOL        Line
  D:0005H         SYMBOL        Column
  D:0008H         SYMBOL        String
  -------         DO            
  D:0005H         SYMBOL        i
  -------         ENDDO         
  C:0A93H         LINE#         110
  C:0A99H         LINE#         111
  C:0A99H         LINE#         113
BL51 BANKED LINKER/LOCATER V6.22.4.0                                                  12/26/2025  22:11:58  PAGE 5


  C:0A9CH         LINE#         114
  C:0AAFH         LINE#         115
  C:0AAFH         LINE#         116
  C:0AB2H         LINE#         117
  C:0AB5H         LINE#         118
  -------         ENDPROC       _LCD_SHOWSTRING
  C:0A3AH         SYMBOL        L?0046
  -------         PROC          L?0045
  -------         ENDPROC       L?0045
  C:0A3AH         SYMBOL        L?0046
  -------         PROC          _LCD_POW
  D:000DH         SYMBOL        X
  D:000FH         SYMBOL        Y
  -------         DO            
  D:0003H         SYMBOL        i
  D:0006H         SYMBOL        Result
  -------         ENDDO         
  C:0A44H         LINE#         123
  C:0A4CH         LINE#         124
  C:0A4CH         LINE#         126
  C:0A50H         LINE#         127
  C:0A60H         LINE#         128
  C:0A60H         LINE#         129
  C:0A67H         LINE#         130
  C:0A6AH         LINE#         131
  C:0A6AH         LINE#         132
  -------         ENDPROC       _LCD_POW
  -------         PROC          _LCD_SHOWNUM
  D:0007H         SYMBOL        Line
  D:0005H         SYMBOL        Column
  D:000AH         SYMBOL        Number
  D:000CH         SYMBOL        Length
  -------         DO            
  D:0002H         SYMBOL        i
  -------         ENDDO         
  C:0AD4H         LINE#         142
  C:0AD8H         LINE#         143
  C:0AD8H         LINE#         145
  C:0ADBH         LINE#         146
  C:0AE3H         LINE#         147
  C:0AE3H         LINE#         148
  C:0AEDH         LINE#         149
  C:0AF0H         LINE#         150
  -------         ENDPROC       _LCD_SHOWNUM
  -------         PROC          _LCD_SHOWSIGNEDNUM
  D:0007H         SYMBOL        Line
  D:0005H         SYMBOL        Column
  D:0002H         SYMBOL        Number
  D:0015H         SYMBOL        Length
  -------         DO            
  D:0002H         SYMBOL        i
  D:0016H         SYMBOL        Number1
  -------         ENDDO         
  C:098DH         LINE#         160
  C:098DH         LINE#         161
  C:098DH         LINE#         164
  C:0990H         LINE#         165
BL51 BANKED LINKER/LOCATER V6.22.4.0                                                  12/26/2025  22:11:58  PAGE 6


  C:0998H         LINE#         166
  C:0998H         LINE#         167
  C:099DH         LINE#         168
  C:09A1H         LINE#         169
  C:09A3H         LINE#         171
  C:09A3H         LINE#         172
  C:09A8H         LINE#         173
  C:09B1H         LINE#         174
  C:09B1H         LINE#         175
  C:09B9H         LINE#         176
  C:09B9H         LINE#         177
  C:09C3H         LINE#         178
  C:09C6H         LINE#         179
  -------         ENDPROC       _LCD_SHOWSIGNEDNUM
  -------         PROC          _LCD_SHOWHEXNUM
  D:0007H         SYMBOL        Line
  D:0005H         SYMBOL        Column
  D:001AH         SYMBOL        Number
  D:001CH         SYMBOL        Length
  -------         DO            
  D:0002H         SYMBOL        i
  D:0006H         SYMBOL        SingleNumber
  -------         ENDDO         
  C:09C7H         LINE#         189
  C:09CBH         LINE#         190
  C:09CBH         LINE#         192
  C:09CEH         LINE#         193
  C:09D6H         LINE#         194
  C:09D6H         LINE#         195
  C:09ECH         LINE#         196
  C:09F2H         LINE#         197
  C:09F2H         LINE#         198
  C:09F4H         LINE#         199
  C:09F6H         LINE#         201
  C:09F6H         LINE#         202
  C:09FCH         LINE#         203
  C:09FCH         LINE#         204
  C:09FFH         LINE#         205
  -------         ENDPROC       _LCD_SHOWHEXNUM
  -------         PROC          _LCD_SHOWBINNUM
  D:0007H         SYMBOL        Line
  D:0005H         SYMBOL        Column
  D:001FH         SYMBOL        Number
  D:0021H         SYMBOL        Length
  -------         DO            
  D:0002H         SYMBOL        i
  -------         ENDDO         
  C:0A00H         LINE#         215
  C:0A04H         LINE#         216
  C:0A04H         LINE#         218
  C:0A07H         LINE#         219
  C:0A0FH         LINE#         220
  C:0A0FH         LINE#         221
  C:0A34H         LINE#         222
  C:0A37H         LINE#         223
  -------         ENDPROC       _LCD_SHOWBINNUM
  -------         ENDMOD        LCD1602
BL51 BANKED LINKER/LOCATER V6.22.4.0                                                  12/26/2025  22:11:58  PAGE 7



  -------         MODULE        MATRIXKEY
  C:0000H         SYMBOL        _ICE_DUMMY_
  D:0090H         PUBLIC        P1
  B:0090H.0       PUBLIC        P1_0
  C:0B2AH         PUBLIC        delay
  B:0090H.1       PUBLIC        P1_1
  B:0090H.2       PUBLIC        P1_2
  B:0090H.3       PUBLIC        P1_3
  B:0090H.4       PUBLIC        P1_4
  B:0090H.5       PUBLIC        P1_5
  B:0090H.6       PUBLIC        P1_6
  B:0090H.7       PUBLIC        P1_7
  C:0800H         PUBLIC        MatrixKey
  -------         PROC          DELAY
  -------         DO            
  D:0007H         SYMBOL        i
  D:0006H         SYMBOL        j
  D:0005H         SYMBOL        k
  -------         ENDDO         
  C:0B2AH         LINE#         4
  C:0B2AH         LINE#         5
  C:0B2AH         LINE#         8
  C:0B2BH         LINE#         9
  C:0B2CH         LINE#         10
  C:0B2EH         LINE#         11
  C:0B30H         LINE#         12
  C:0B32H         LINE#         14
  C:0B32H         LINE#         16
  C:0B32H         LINE#         17
  C:0B34H         LINE#         18
  C:0B36H         LINE#         19
  C:0B38H         LINE#         20
  -------         ENDPROC       DELAY
  -------         PROC          MATRIXKEY
  -------         DO            
  D:0004H         SYMBOL        key
  -------         ENDDO         
  C:0800H         LINE#         21
  C:0800H         LINE#         22
  C:0800H         LINE#         23
  C:0802H         LINE#         24
  C:0805H         LINE#         25
  C:0807H         LINE#         26
  C:0815H         LINE#         27
  C:0823H         LINE#         28
  C:0831H         LINE#         29
  C:083FH         LINE#         30
  C:0842H         LINE#         31
  C:0844H         LINE#         32
  C:0852H         LINE#         33
  C:0860H         LINE#         34
  C:086EH         LINE#         35
  C:087CH         LINE#         36
  C:087FH         LINE#         37
  C:0881H         LINE#         38
  C:088FH         LINE#         39
BL51 BANKED LINKER/LOCATER V6.22.4.0                                                  12/26/2025  22:11:58  PAGE 8


  C:089DH         LINE#         40
  C:08ABH         LINE#         41
  C:08B9H         LINE#         42
  C:08BCH         LINE#         43
  C:08BEH         LINE#         44
  C:08CCH         LINE#         45
  C:08DAH         LINE#         46
  C:08E8H         LINE#         47
  C:08F6H         LINE#         49
  C:08F8H         LINE#         50
  -------         ENDPROC       MATRIXKEY
  -------         ENDMOD        MATRIXKEY

  -------         MODULE        ?C?CLDOPTR
  C:08F9H         PUBLIC        ?C?CLDOPTR
  -------         ENDMOD        ?C?CLDOPTR

  -------         MODULE        ?C?IMUL
  C:0926H         PUBLIC        ?C?IMUL
  -------         ENDMOD        ?C?IMUL

  -------         MODULE        ?C?UIDIV
  C:0938H         PUBLIC        ?C?UIDIV
  -------         ENDMOD        ?C?UIDIV

*** WARNING L16: UNCALLED SEGMENT, IGNORED FOR OVERLAY PROCESS
    SEGMENT: ?PR?_LCD_SHOWCHAR?LCD1602

*** WARNING L16: UNCALLED SEGMENT, IGNORED FOR OVERLAY PROCESS
    SEGMENT: ?PR?_LCD_SHOWSIGNEDNUM?LCD1602

*** WARNING L16: UNCALLED SEGMENT, IGNORED FOR OVERLAY PROCESS
    SEGMENT: ?PR?_LCD_SHOWHEXNUM?LCD1602

*** WARNING L16: UNCALLED SEGMENT, IGNORED FOR OVERLAY PROCESS
    SEGMENT: ?PR?_LCD_SHOWBINNUM?LCD1602

******************************************************************************
* RESTRICTED VERSION WITH 0800H BYTE CODE SIZE LIMIT; USED: 02C5H BYTE (34%) *
******************************************************************************

Program Size: data=36.0 xdata=0 code=872
LINK/LOCATE RUN COMPLETE.  4 WARNING(S),  0 ERROR(S)
