BL51 BANKED LINKER/LOCATER V6.22.4.0                                                    01/02/2026  16:35:37  PAGE 1


BL51 BANKED LINKER/LOCATER V6.22.4.0, INVOKED BY:
C:\KEIL_V5\C51\BIN\BL51.EXE .\Objects\main.obj, .\Objects\Delay.obj, .\Objects\Matrix LED.obj TO .\Objects\test PRINT (.
>> \Listings\test.m51) RAMSIZE (256)


MEMORY MODEL: SMALL


INPUT MODULES INCLUDED:
  .\Objects\main.obj (MAIN)
  .\Objects\Delay.obj (DELAY)
  .\Objects\Matrix LED.obj (MATRIX_LED)
  C:\KEIL_V5\C51\LIB\C51S.LIB (?C_STARTUP)
  C:\KEIL_V5\C51\LIB\C51S.LIB (?C_INIT)


LINK MAP OF MODULE:  .\Objects\test (MAIN)


            TYPE    BASE      LENGTH    RELOCATION   SEGMENT NAME
            -----------------------------------------------------

            * * * * * * *   D A T A   M E M O R Y   * * * * * * *
            REG     0000H     0008H     ABSOLUTE     "REG BANK 0"
            DATA    0008H     0032H     UNIT         ?DT?MAIN
            IDATA   003AH     0001H     UNIT         ?STACK

            * * * * * * *   C O D E   M E M O R Y   * * * * * * *
            CODE    0000H     0003H     ABSOLUTE     
                    0003H     07FDH                  *** GAP ***
            CODE    0800H     008CH     UNIT         ?C_C51STARTUP
            CODE    088CH     0082H     UNIT         ?PR?MAIN?MAIN
            CODE    090EH     0037H     UNIT         ?C_INITSEG
            CODE    0945H     002DH     UNIT         ?PR?__74HC595_WRITEBYTE?MATRIX_LED
            CODE    0972H     0024H     UNIT         ?PR?_MARTRIXLED_SHOWCOLUMN?MATRIX_LED
            CODE    0996H     0015H     UNIT         ?PR?_DELAY?DELAY
            CODE    09ABH     0005H     UNIT         ?PR?MATRIXLED_INIT?MATRIX_LED



OVERLAY MAP OF MODULE:   .\Objects\test (MAIN)


SEGMENT
  +--> CALLED SEGMENT
---------------------
?C_C51STARTUP
  +--> ?PR?MAIN?MAIN
  +--> ?C_INITSEG

?PR?MAIN?MAIN
  +--> ?PR?MATRIXLED_INIT?MATRIX_LED
  +--> ?PR?_MARTRIXLED_SHOWCOLUMN?MATRIX_LED
  +--> ?PR?_DELAY?DELAY

?PR?_MARTRIXLED_SHOWCOLUMN?MATRIX_LED
  +--> ?PR?__74HC595_WRITEBYTE?MATRIX_LED
  +--> ?PR?_DELAY?DELAY
BL51 BANKED LINKER/LOCATER V6.22.4.0                                                  01/02/2026  16:35:37  PAGE 2





SYMBOL TABLE OF MODULE:  .\Objects\test (MAIN)

  VALUE           TYPE          NAME
  ----------------------------------

  -------         MODULE        MAIN
  C:0000H         SYMBOL        _ICE_DUMMY_
  D:00B0H         PUBLIC        P3
  D:0008H         PUBLIC        Animation
  C:088CH         PUBLIC        main
  D:0038H         PUBLIC        a
  D:0039H         PUBLIC        i
  -------         PROC          MAIN
  C:088CH         LINE#         23
  C:088CH         LINE#         24
  C:088CH         LINE#         25
  C:088FH         LINE#         26
  C:088FH         LINE#         27
  C:088FH         LINE#         28
  C:0899H         LINE#         29
  C:0899H         LINE#         31
  C:089FH         LINE#         32
  C:08A9H         LINE#         33
  C:08B5H         LINE#         34
  C:08C1H         LINE#         35
  C:08CDH         LINE#         36
  C:08D9H         LINE#         37
  C:08E5H         LINE#         38
  C:08F1H         LINE#         39
  C:08FDH         LINE#         40
  C:0902H         LINE#         41
  C:0902H         LINE#         42
  C:0905H         LINE#         43
  C:0905H         LINE#         44
  C:090CH         LINE#         45
  -------         ENDPROC       MAIN
  -------         ENDMOD        MAIN

  -------         MODULE        DELAY
  C:0000H         SYMBOL        _ICE_DUMMY_
  C:0996H         PUBLIC        _Delay
  -------         PROC          _DELAY
  D:0006H         SYMBOL        xms
  -------         DO            
  D:0005H         SYMBOL        i
  D:0004H         SYMBOL        j
  -------         ENDDO         
  C:0996H         LINE#         2
  C:0996H         LINE#         3
  C:0996H         LINE#         5
  C:09A0H         LINE#         6
  C:09A0H         LINE#         7
  C:09A2H         LINE#         8
  C:09A4H         LINE#         10
BL51 BANKED LINKER/LOCATER V6.22.4.0                                                  01/02/2026  16:35:37  PAGE 3


  C:09A4H         LINE#         11
  C:09A6H         LINE#         12
  C:09A8H         LINE#         13
  C:09AAH         LINE#         14
  -------         ENDPROC       _DELAY
  -------         ENDMOD        DELAY

  -------         MODULE        MATRIX_LED
  C:0000H         SYMBOL        _ICE_DUMMY_
  D:0080H         PUBLIC        P0
  C:0945H         PUBLIC        __74HC595_WriteByte
  D:00B0H         PUBLIC        P3
  C:0972H         PUBLIC        _MartrixLED_ShowColumn
  C:09ABH         PUBLIC        MatrixLED_Init
  B:00B0H.5       PUBLIC        RCK
  B:00B0H.6       PUBLIC        SCK
  B:00B0H.4       PUBLIC        SER
  -------         PROC          __74HC595_WRITEBYTE
  D:0005H         SYMBOL        byte
  -------         DO            
  D:0003H         SYMBOL        i
  -------         ENDDO         
  C:0945H         LINE#         7
  C:0947H         LINE#         8
  C:0947H         LINE#         9
  C:0949H         LINE#         10
  C:0949H         LINE#         11
  C:0949H         LINE#         12
  C:0965H         LINE#         13
  C:0967H         LINE#         14
  C:0969H         LINE#         15
  C:096DH         LINE#         16
  C:096FH         LINE#         17
  C:0971H         LINE#         18
  -------         ENDPROC       __74HC595_WRITEBYTE
  -------         PROC          _MARTRIXLED_SHOWCOLUMN
  D:0004H         SYMBOL        col
  D:0006H         SYMBOL        Data
  C:0972H         LINE#         20
  C:0976H         LINE#         21
  C:0976H         LINE#         22
  C:097BH         LINE#         23
  C:098BH         LINE#         24
  C:0992H         LINE#         25
  C:0995H         LINE#         26
  -------         ENDPROC       _MARTRIXLED_SHOWCOLUMN
  -------         PROC          MATRIXLED_INIT
  C:09ABH         LINE#         30
  C:09ABH         LINE#         31
  C:09ABH         LINE#         32
  C:09ADH         LINE#         33
  C:09AFH         LINE#         34
  -------         ENDPROC       MATRIXLED_INIT
  -------         ENDMOD        MATRIX_LED

******************************************************************************
* RESTRICTED VERSION WITH 0800H BYTE CODE SIZE LIMIT; USED: 0123H BYTE (14%) *
BL51 BANKED LINKER/LOCATER V6.22.4.0                                                  01/02/2026  16:35:37  PAGE 4


******************************************************************************

Program Size: data=59.0 xdata=0 code=435
LINK/LOCATE RUN COMPLETE.  0 WARNING(S),  0 ERROR(S)
