BL51 BANKED LINKER/LOCATER V6.22.4.0                                                    12/25/2025  10:38:36  PAGE 1


BL51 BANKED LINKER/LOCATER V6.22.4.0, INVOKED BY:
C:\KEIL_V5\C51\BIN\BL51.EXE .\Objects\main.obj TO .\Objects\test PRINT (.\Listings\test.m51) RAMSIZE (256)


MEMORY MODEL: SMALL


INPUT MODULES INCLUDED:
  .\Objects\main.obj (MAIN)
  C:\KEIL_V5\C51\LIB\C51S.LIB (?C_STARTUP)


LINK MAP OF MODULE:  .\Objects\test (MAIN)


            TYPE    BASE      LENGTH    RELOCATION   SEGMENT NAME
            -----------------------------------------------------

            * * * * * * *   D A T A   M E M O R Y   * * * * * * *
            REG     0000H     0008H     ABSOLUTE     "REG BANK 0"
            IDATA   0008H     0001H     UNIT         ?STACK

            * * * * * * *   C O D E   M E M O R Y   * * * * * * *
            CODE    0000H     0003H     ABSOLUTE     
                    0003H     07FDH                  *** GAP ***
            CODE    0800H     001BH     UNIT         ?PR?MAIN?MAIN
            CODE    081BH     000FH     UNIT         ?PR?DELAY20MS?MAIN
            CODE    082AH     000CH     UNIT         ?C_C51STARTUP



OVERLAY MAP OF MODULE:   .\Objects\test (MAIN)


SEGMENT
  +--> CALLED SEGMENT
---------------------
?C_C51STARTUP
  +--> ?PR?MAIN?MAIN

?PR?MAIN?MAIN
  +--> ?PR?DELAY20MS?MAIN



SYMBOL TABLE OF MODULE:  .\Objects\test (MAIN)

  VALUE           TYPE          NAME
  ----------------------------------

  -------         MODULE        MAIN
  C:0000H         SYMBOL        _ICE_DUMMY_
  D:00A0H         PUBLIC        P2
  B:00B0H.1       PUBLIC        P3_1
  C:0800H         PUBLIC        main
  C:081BH         PUBLIC        Delay20ms
  -------         PROC          DELAY20MS
  -------         DO            
BL51 BANKED LINKER/LOCATER V6.22.4.0                                                  12/25/2025  10:38:36  PAGE 2


  D:0007H         SYMBOL        i
  D:0006H         SYMBOL        j
  D:0005H         SYMBOL        k
  -------         ENDDO         
  C:081BH         LINE#         4
  C:081BH         LINE#         5
  C:081BH         LINE#         8
  C:081CH         LINE#         9
  C:081DH         LINE#         10
  C:081FH         LINE#         11
  C:0821H         LINE#         12
  C:0823H         LINE#         14
  C:0823H         LINE#         16
  C:0823H         LINE#         17
  C:0825H         LINE#         18
  C:0827H         LINE#         19
  C:0829H         LINE#         20
  -------         ENDPROC       DELAY20MS
  -------         PROC          MAIN
  C:0800H         LINE#         22
  C:0800H         LINE#         23
  C:0800H         LINE#         24
  C:0802H         LINE#         25
  C:0802H         LINE#         26
  C:0802H         LINE#         27
  C:0805H         LINE#         28
  C:0808H         LINE#         29
  C:0808H         LINE#         30
  C:080BH         LINE#         31
  C:080EH         LINE#         32
  C:0812H         LINE#         33
  C:0817H         LINE#         35
  C:0819H         LINE#         36
  C:0819H         LINE#         37
  -------         ENDPROC       MAIN
  -------         ENDMOD        MAIN

******************************************************************************
* RESTRICTED VERSION WITH 0800H BYTE CODE SIZE LIMIT; USED: 002AH BYTE ( 2%) *
******************************************************************************

Program Size: data=9.0 xdata=0 code=57
LINK/LOCATE RUN COMPLETE.  0 WARNING(S),  0 ERROR(S)
