BL51 BANKED LINKER/LOCATER V6.22.4.0                                                    12/24/2025  17:42:53  PAGE 1


BL51 BANKED LINKER/LOCATER V6.22.4.0, INVOKED BY:
C:\KEIL_V5\C51\BIN\BL51.EXE .\Objects\main.obj TO .\Objects\test PRINT (.\Listings\test.m51) RAMSIZE (256)


MEMORY MODEL: SMALL


INPUT MODULES INCLUDED:
  .\Objects\main.obj (MAIN)
  C:\KEIL_V5\C51\LIB\C51S.LIB (?C_STARTUP)


LINK MAP OF MODULE:  .\Objects\test (MAIN)


            TYPE    BASE      LENGTH    RELOCATION   SEGMENT NAME
            -----------------------------------------------------

            * * * * * * *   D A T A   M E M O R Y   * * * * * * *
            REG     0000H     0008H     ABSOLUTE     "REG BANK 0"
            IDATA   0008H     0001H     UNIT         ?STACK

            * * * * * * *   C O D E   M E M O R Y   * * * * * * *
            CODE    0000H     0003H     ABSOLUTE     
                    0003H     07FDH                  *** GAP ***
            CODE    0800H     001EH     UNIT         ?PR?_DELAY_MS?MAIN
            CODE    081EH     0016H     UNIT         ?PR?MAIN?MAIN
            CODE    0834H     000CH     UNIT         ?C_C51STARTUP



OVERLAY MAP OF MODULE:   .\Objects\test (MAIN)


SEGMENT
  +--> CALLED SEGMENT
---------------------
?C_C51STARTUP
  +--> ?PR?MAIN?MAIN

?PR?MAIN?MAIN
  +--> ?PR?_DELAY_MS?MAIN



SYMBOL TABLE OF MODULE:  .\Objects\test (MAIN)

  VALUE           TYPE          NAME
  ----------------------------------

  -------         MODULE        MAIN
  C:0000H         SYMBOL        _ICE_DUMMY_
  D:00A0H         PUBLIC        P2
  C:081EH         PUBLIC        main
  C:0800H         PUBLIC        _delay_ms
  -------         PROC          _DELAY_MS
  D:0006H         SYMBOL        ms
  -------         DO            
BL51 BANKED LINKER/LOCATER V6.22.4.0                                                  12/24/2025  17:42:53  PAGE 2


  D:0006H         SYMBOL        i
  D:0004H         SYMBOL        j
  -------         ENDDO         
  C:0800H         LINE#         3
  C:0800H         LINE#         4
  C:0800H         LINE#         6
  C:0809H         LINE#         7
  C:081DH         LINE#         8
  -------         ENDPROC       _DELAY_MS
  -------         PROC          MAIN
  C:081EH         LINE#         10
  C:081EH         LINE#         11
  C:081EH         LINE#         12
  C:081EH         LINE#         13
  C:081EH         LINE#         14
  C:0821H         LINE#         15
  C:0828H         LINE#         16
  C:082BH         LINE#         17
  C:0832H         LINE#         18
  -------         ENDPROC       MAIN
  -------         ENDMOD        MAIN

******************************************************************************
* RESTRICTED VERSION WITH 0800H BYTE CODE SIZE LIMIT; USED: 0034H BYTE ( 2%) *
******************************************************************************

Program Size: data=9.0 xdata=0 code=67
LINK/LOCATE RUN COMPLETE.  0 WARNING(S),  0 ERROR(S)
