BL51 BANKED LINKER/LOCATER V6.22.4.0                                                    02/10/2026  00:01:46  PAGE 1


BL51 BANKED LINKER/LOCATER V6.22.4.0, INVOKED BY:
C:\KEIL_V5\C51\BIN\BL51.EXE .\Objects\main.obj, .\Objects\Nixie.obj, .\Objects\Key.obj TO .\Objects\test PRINT (.\Listin
>> gs\test.m51) RAMSIZE (256)


MEMORY MODEL: SMALL


INPUT MODULES INCLUDED:
  .\Objects\main.obj (MAIN)
  .\Objects\Nixie.obj (NIXIE)
  .\Objects\Key.obj (KEY)
  C:\KEIL_V5\C51\LIB\C51S.LIB (?C_STARTUP)
  C:\KEIL_V5\C51\LIB\C51S.LIB (?C_INIT)


LINK MAP OF MODULE:  .\Objects\test (MAIN)


            TYPE    BASE      LENGTH    RELOCATION   SEGMENT NAME
            -----------------------------------------------------

            * * * * * * *   D A T A   M E M O R Y   * * * * * * *
            REG     0000H     0008H     ABSOLUTE     "REG BANK 0"
            DATA    0008H     000AH     UNIT         ?DT?NIXIE
            DATA    0012H     0009H     UNIT         ?DT?MAIN
            IDATA   001BH     0001H     UNIT         ?STACK

            * * * * * * *   C O D E   M E M O R Y   * * * * * * *
            CODE    0000H     0003H     ABSOLUTE     
                    0003H     0008H                  *** GAP ***
            CODE    000BH     0003H     ABSOLUTE     
                    000EH     000DH                  *** GAP ***
            CODE    001BH     0003H     ABSOLUTE     
                    001EH     07E2H                  *** GAP ***
            CODE    0800H     0136H     UNIT         ?PR?NIXIE_LOOP?MAIN
            CODE    0936H     008CH     UNIT         ?C_C51STARTUP
            CODE    09C2H     0063H     UNIT         ?PR?_NIXIE?NIXIE
            CODE    0A25H     005FH     UNIT         ?PR?_NIXIE_A?NIXIE
            CODE    0A84H     005FH     UNIT         ?PR?_NIXIE_B?NIXIE
            CODE    0AE3H     005FH     UNIT         ?PR?_NIXIE_C?NIXIE
            CODE    0B42H     0049H     UNIT         ?PR?TIMER1_CALCULATE?MAIN
            CODE    0B8BH     003DH     UNIT         ?PR?KEY?KEY
            CODE    0BC8H     001CH     UNIT         ?PR?ALLINIT?MAIN
            CODE    0BE4H     0017H     UNIT         ?PR?TIMER0INIT?MAIN
            CODE    0BFBH     0017H     UNIT         ?PR?TIMER1INIT?MAIN
            CODE    0C12H     0016H     UNIT         ?PR?KEYNUM?MAIN
            CODE    0C28H     000FH     UNIT         ?PR?DELAY1?KEY
            CODE    0C37H     000DH     UNIT         ?C_INITSEG
            CODE    0C44H     0005H     UNIT         ?PR?MAIN?MAIN



OVERLAY MAP OF MODULE:   .\Objects\test (MAIN)


SEGMENT
  +--> CALLED SEGMENT
BL51 BANKED LINKER/LOCATER V6.22.4.0                                                  02/10/2026  00:01:46  PAGE 2


---------------------
?PR?NIXIE_LOOP?MAIN
  +--> ?PR?KEYNUM?MAIN
  +--> ?PR?_NIXIE_A?NIXIE
  +--> ?PR?_NIXIE?NIXIE

*** NEW ROOT ***************************************************

?C_C51STARTUP
  +--> ?PR?MAIN?MAIN
  +--> ?C_INITSEG

?PR?MAIN?MAIN
  +--> ?PR?ALLINIT?MAIN

?PR?ALLINIT?MAIN
  +--> ?PR?TIMER0INIT?MAIN
  +--> ?PR?TIMER1INIT?MAIN



UNRESOLVED EXTERNAL SYMBOLS:
   DELAY



SYMBOL TABLE OF MODULE:  .\Objects\test (MAIN)

  VALUE           TYPE          NAME
  ----------------------------------

  -------         MODULE        MAIN
  C:0000H         SYMBOL        _ICE_DUMMY_
  B:00A8H.7       PUBLIC        EA
  B:00B0H.0       PUBLIC        P3_0
  B:00B0H.1       PUBLIC        P3_1
  B:00B0H.2       PUBLIC        P3_2
  B:00B0H.3       PUBLIC        P3_3
  C:0C44H         PUBLIC        main
  D:0012H         PUBLIC        count
  D:0089H         PUBLIC        TMOD
  D:0013H         PUBLIC        min
  D:0014H         PUBLIC        Keyread
  B:00A8H.1       PUBLIC        ET0
  C:0B42H         PUBLIC        Timer1_calculate
  B:00A8H.3       PUBLIC        ET1
  B:0088H.5       PUBLIC        TF0
  C:0BE4H         PUBLIC        Timer0Init
  B:0088H.7       PUBLIC        TF1
  C:0BFBH         PUBLIC        Timer1Init
  D:008CH         PUBLIC        TH0
  D:008DH         PUBLIC        TH1
  D:008AH         PUBLIC        TL0
  C:0BC8H         PUBLIC        allInit
  D:008BH         PUBLIC        TL1
  B:00B8H.1       PUBLIC        PT0
  B:00B8H.3       PUBLIC        PT1
BL51 BANKED LINKER/LOCATER V6.22.4.0                                                  02/10/2026  00:01:46  PAGE 3


  B:0088H.4       PUBLIC        TR0
  B:0088H.6       PUBLIC        TR1
  D:0015H         PUBLIC        Key1
  D:0016H         PUBLIC        Key2
  D:0017H         PUBLIC        count1
  D:0018H         PUBLIC        ms
  D:0019H         PUBLIC        s
  D:001AH         PUBLIC        countkey
  C:0800H         PUBLIC        Nixie_Loop
  C:0C12H         PUBLIC        Keynum
  -------         PROC          KEYNUM
  -------         DO            
  D:0007H         SYMBOL        Keynum
  -------         ENDDO         
  C:0C12H         LINE#         12
  C:0C12H         LINE#         13
  C:0C12H         LINE#         14
  C:0C14H         LINE#         15
  C:0C18H         LINE#         16
  C:0C1DH         LINE#         17
  C:0C22H         LINE#         18
  C:0C27H         LINE#         19
  C:0C27H         LINE#         20
  -------         ENDPROC       KEYNUM
  -------         PROC          TIMER0INIT
  C:0BE4H         LINE#         22
  C:0BE4H         LINE#         23
  C:0BE4H         LINE#         24
  C:0BE7H         LINE#         25
  C:0BEAH         LINE#         26
  C:0BEDH         LINE#         27
  C:0BF0H         LINE#         28
  C:0BF2H         LINE#         29
  C:0BF4H         LINE#         30
  C:0BF6H         LINE#         31
  C:0BF8H         LINE#         32
  C:0BFAH         LINE#         33
  -------         ENDPROC       TIMER0INIT
  -------         PROC          TIMER1INIT
  C:0BFBH         LINE#         34
  C:0BFBH         LINE#         35
  C:0BFBH         LINE#         36
  C:0BFEH         LINE#         37
  C:0C01H         LINE#         38
  C:0C04H         LINE#         39
  C:0C07H         LINE#         40
  C:0C09H         LINE#         41
  C:0C0BH         LINE#         42
  C:0C0DH         LINE#         43
  C:0C0FH         LINE#         44
  C:0C11H         LINE#         45
  -------         ENDPROC       TIMER1INIT
  -------         PROC          TIMER1_CALCULATE
  C:0B42H         LINE#         48
  C:0B4DH         LINE#         50
  C:0B4FH         LINE#         51
  C:0B52H         LINE#         52
BL51 BANKED LINKER/LOCATER V6.22.4.0                                                  02/10/2026  00:01:46  PAGE 4


  C:0B55H         LINE#         53
  C:0B5BH         LINE#         54
  C:0B5BH         LINE#         55
  C:0B5DH         LINE#         56
  C:0B5FH         LINE#         57
  C:0B68H         LINE#         58
  C:0B68H         LINE#         59
  C:0B6AH         LINE#         60
  C:0B6CH         LINE#         61
  C:0B6CH         LINE#         62
  C:0B71H         LINE#         63
  C:0B71H         LINE#         64
  C:0B73H         LINE#         65
  C:0B76H         LINE#         66
  C:0B76H         LINE#         67
  C:0B7BH         LINE#         68
  C:0B7BH         LINE#         69
  C:0B7EH         LINE#         70
  C:0B7EH         LINE#         71
  C:0B80H         LINE#         73
  C:0B82H         LINE#         74
  -------         ENDPROC       TIMER1_CALCULATE
  -------         PROC          NIXIE_LOOP
  C:0800H         LINE#         77
  C:081DH         LINE#         79
  C:081FH         LINE#         80
  C:0822H         LINE#         81
  C:0825H         LINE#         82
  C:082BH         LINE#         83
  C:082BH         LINE#         84
  C:082DH         LINE#         85
  C:0830H         LINE#         86
  C:0835H         LINE#         87
  C:083EH         LINE#         88
  C:0843H         LINE#         89
  C:084CH         LINE#         90
  C:0851H         LINE#         91
  C:085AH         LINE#         92
  C:085FH         LINE#         93
  C:0868H         LINE#         94
  C:086BH         LINE#         95
  C:086DH         LINE#         97
  C:086FH         LINE#         99
  C:0874H         LINE#         100
  C:0874H         LINE#         101
  C:087FH         LINE#         102
  C:087FH         LINE#         103
  C:0881H         LINE#         104
  C:0886H         LINE#         105
  C:0886H         LINE#         106
  C:0893H         LINE#         107
  C:0893H         LINE#         108
  C:0895H         LINE#         109
  C:089AH         LINE#         110
  C:089AH         LINE#         111
  C:089CH         LINE#         112
  C:089CH         LINE#         113
BL51 BANKED LINKER/LOCATER V6.22.4.0                                                  02/10/2026  00:01:46  PAGE 5


  C:089EH         LINE#         114
  C:08A3H         LINE#         115
  C:08A3H         LINE#         116
  C:08AEH         LINE#         117
  C:08AEH         LINE#         118
  C:08B0H         LINE#         119
  C:08B5H         LINE#         120
  C:08B5H         LINE#         121
  C:08C2H         LINE#         122
  C:08C2H         LINE#         123
  C:08C4H         LINE#         124
  C:08C9H         LINE#         125
  C:08C9H         LINE#         126
  C:08CEH         LINE#         127
  C:08D0H         LINE#         128
  C:08D2H         LINE#         129
  C:08D7H         LINE#         130
  C:08D7H         LINE#         131
  C:08F7H         LINE#         132
  C:08F9H         LINE#         133
  C:08FBH         LINE#         134
  C:0900H         LINE#         135
  C:0900H         LINE#         136
  C:0914H         LINE#         137
  C:0917H         LINE#         138
  C:0919H         LINE#         140
  C:091BH         LINE#         141
  -------         ENDPROC       NIXIE_LOOP
  -------         PROC          ALLINIT
  C:0BC8H         LINE#         144
  C:0BC8H         LINE#         145
  C:0BC8H         LINE#         146
  C:0BCBH         LINE#         147
  C:0BCEH         LINE#         148
  C:0BD1H         LINE#         149
  C:0BD4H         LINE#         150
  C:0BD7H         LINE#         151
  C:0BD9H         LINE#         152
  C:0BDBH         LINE#         153
  C:0BDDH         LINE#         154
  C:0BDFH         LINE#         155
  C:0BE1H         LINE#         156
  C:0BE3H         LINE#         157
  -------         ENDPROC       ALLINIT
  -------         PROC          MAIN
  C:0C44H         LINE#         160
  C:0C44H         LINE#         161
  C:0C44H         LINE#         162
  C:0C47H         LINE#         163
  C:0C47H         LINE#         164
  C:0C47H         LINE#         166
  -------         ENDPROC       MAIN
  -------         ENDMOD        MAIN

  -------         MODULE        NIXIE
  C:0000H         SYMBOL        _ICE_DUMMY_
  C:09C2H         PUBLIC        _Nixie
BL51 BANKED LINKER/LOCATER V6.22.4.0                                                  02/10/2026  00:01:46  PAGE 6


  D:0080H         PUBLIC        P0
  B:00A0H.2       PUBLIC        P2_2
  B:00A0H.3       PUBLIC        P2_3
  B:00A0H.4       PUBLIC        P2_4
  C:0A25H         PUBLIC        _Nixie_a
  C:0A84H         PUBLIC        _Nixie_b
  C:0AE3H         PUBLIC        _Nixie_c
  D:0008H         PUBLIC        NixieTable
  -------         PROC          _NIXIE
  D:0007H         SYMBOL        Location
  D:0005H         SYMBOL        Number
  C:09C2H         LINE#         13
  C:09C2H         LINE#         14
  C:09C2H         LINE#         15
  C:09EFH         LINE#         16
  C:09EFH         LINE#         17
  C:09F3H         LINE#         18
  C:09F7H         LINE#         19
  C:09FBH         LINE#         20
  C:09FFH         LINE#         21
  C:0A07H         LINE#         22
  C:0A0FH         LINE#         23
  C:0A17H         LINE#         24
  C:0A1DH         LINE#         25
  C:0A1DH         LINE#         26
  C:0A24H         LINE#         29
  -------         ENDPROC       _NIXIE
  -------         PROC          _NIXIE_A
  D:0007H         SYMBOL        Location
  C:0A25H         LINE#         31
  C:0A25H         LINE#         32
  C:0A25H         LINE#         33
  C:0A52H         LINE#         34
  C:0A52H         LINE#         35
  C:0A56H         LINE#         36
  C:0A5AH         LINE#         37
  C:0A5EH         LINE#         38
  C:0A62H         LINE#         39
  C:0A6AH         LINE#         40
  C:0A72H         LINE#         41
  C:0A7AH         LINE#         42
  C:0A80H         LINE#         43
  C:0A80H         LINE#         44
  C:0A83H         LINE#         45
  -------         ENDPROC       _NIXIE_A
  -------         PROC          _NIXIE_B
  D:0007H         SYMBOL        Location
  C:0A84H         LINE#         47
  C:0A84H         LINE#         48
  C:0A84H         LINE#         49
  C:0AB1H         LINE#         50
  C:0AB1H         LINE#         51
  C:0AB5H         LINE#         52
  C:0AB9H         LINE#         53
  C:0ABDH         LINE#         54
  C:0AC1H         LINE#         55
  C:0AC9H         LINE#         56
BL51 BANKED LINKER/LOCATER V6.22.4.0                                                  02/10/2026  00:01:46  PAGE 7


  C:0AD1H         LINE#         57
  C:0AD9H         LINE#         58
  C:0ADFH         LINE#         59
  C:0ADFH         LINE#         60
  C:0AE2H         LINE#         61
  -------         ENDPROC       _NIXIE_B
  -------         PROC          _NIXIE_C
  D:0007H         SYMBOL        Location
  C:0AE3H         LINE#         63
  C:0AE3H         LINE#         64
  C:0AE3H         LINE#         65
  C:0B10H         LINE#         66
  C:0B10H         LINE#         67
  C:0B14H         LINE#         68
  C:0B18H         LINE#         69
  C:0B1CH         LINE#         70
  C:0B20H         LINE#         71
  C:0B28H         LINE#         72
  C:0B30H         LINE#         73
  C:0B38H         LINE#         74
  C:0B3EH         LINE#         75
  C:0B3EH         LINE#         76
  C:0B41H         LINE#         77
  -------         ENDPROC       _NIXIE_C
  -------         ENDMOD        NIXIE

  -------         MODULE        KEY
  C:0000H         SYMBOL        _ICE_DUMMY_
  B:00B0H.0       PUBLIC        P3_0
  B:00B0H.1       PUBLIC        P3_1
  B:00B0H.2       PUBLIC        P3_2
  B:00B0H.3       PUBLIC        P3_3
  C:0B8BH         PUBLIC        Key
  C:0C28H         PUBLIC        delay1
  -------         PROC          DELAY1
  -------         DO            
  D:0007H         SYMBOL        i
  D:0006H         SYMBOL        j
  D:0005H         SYMBOL        k
  -------         ENDDO         
  C:0C28H         LINE#         3
  C:0C28H         LINE#         4
  C:0C28H         LINE#         7
  C:0C29H         LINE#         8
  C:0C2AH         LINE#         9
  C:0C2CH         LINE#         10
  C:0C2EH         LINE#         11
  C:0C30H         LINE#         13
  C:0C30H         LINE#         15
  C:0C30H         LINE#         16
  C:0C32H         LINE#         17
  C:0C34H         LINE#         18
  C:0C36H         LINE#         19
  -------         ENDPROC       DELAY1
  -------         PROC          KEY
  -------         DO            
  D:0004H         SYMBOL        Keynum
BL51 BANKED LINKER/LOCATER V6.22.4.0                                                  02/10/2026  00:01:46  PAGE 8


  -------         ENDDO         
  C:0B8BH         LINE#         21
  C:0B8BH         LINE#         22
  C:0B8BH         LINE#         23
  C:0B8DH         LINE#         24
  C:0B9BH         LINE#         25
  C:0BA9H         LINE#         26
  C:0BB7H         LINE#         27
  C:0BC5H         LINE#         28
  C:0BC7H         LINE#         29
  -------         ENDPROC       KEY
  -------         ENDMOD        KEY

*** WARNING L16: UNCALLED SEGMENT, IGNORED FOR OVERLAY PROCESS
    SEGMENT: ?PR?_NIXIE_B?NIXIE

*** WARNING L16: UNCALLED SEGMENT, IGNORED FOR OVERLAY PROCESS
    SEGMENT: ?PR?_NIXIE_C?NIXIE

*** WARNING L16: UNCALLED SEGMENT, IGNORED FOR OVERLAY PROCESS
    SEGMENT: ?PR?KEY?KEY

*** WARNING L1: UNRESOLVED EXTERNAL SYMBOL
    SYMBOL:  DELAY
    MODULE:  .\Objects\Key.obj (KEY)

*** WARNING L2: REFERENCE MADE TO UNRESOLVED EXTERNAL
    SYMBOL:  DELAY
    MODULE:  .\Objects\Key.obj (KEY)
    ADDRESS: 0B97H

*** WARNING L2: REFERENCE MADE TO UNRESOLVED EXTERNAL
    SYMBOL:  DELAY
    MODULE:  .\Objects\Key.obj (KEY)
    ADDRESS: 0BA5H

*** WARNING L2: REFERENCE MADE TO UNRESOLVED EXTERNAL
    SYMBOL:  DELAY
    MODULE:  .\Objects\Key.obj (KEY)
    ADDRESS: 0BB3H

*** WARNING L2: REFERENCE MADE TO UNRESOLVED EXTERNAL
    SYMBOL:  DELAY
    MODULE:  .\Objects\Key.obj (KEY)
    ADDRESS: 0BC1H

******************************************************************************
* RESTRICTED VERSION WITH 0800H BYTE CODE SIZE LIMIT; USED: 03C2H BYTE (46%) *
******************************************************************************

Program Size: data=28.0 xdata=0 code=1106
LINK/LOCATE RUN COMPLETE.  8 WARNING(S),  0 ERROR(S)
