BL51 BANKED LINKER/LOCATER V6.22.4.0                                                    01/02/2026  15:52:31  PAGE 1


BL51 BANKED LINKER/LOCATER V6.22.4.0, INVOKED BY:
C:\KEIL_V5\C51\BIN\BL51.EXE .\Objects\main.obj, .\Objects\Delay.obj, .\Objects\Matrix LED.obj TO .\Objects\test PRINT (.
>> \Listings\test.m51) RAMSIZE (256)


MEMORY MODEL: SMALL


INPUT MODULES INCLUDED:
  .\Objects\main.obj (MAIN)
  .\Objects\Delay.obj (DELAY)
  .\Objects\Matrix LED.obj (MATRIX_LED)
  C:\KEIL_V5\C51\LIB\C51S.LIB (?C_STARTUP)
  C:\KEIL_V5\C51\LIB\C51S.LIB (?C_INIT)


LINK MAP OF MODULE:  .\Objects\test (MAIN)


            TYPE    BASE      LENGTH    RELOCATION   SEGMENT NAME
            -----------------------------------------------------

            * * * * * * *   D A T A   M E M O R Y   * * * * * * *
            REG     0000H     0008H     ABSOLUTE     "REG BANK 0"
            DATA    0008H     003AH     UNIT         ?DT?MAIN
            IDATA   0042H     0001H     UNIT         ?STACK

            * * * * * * *   C O D E   M E M O R Y   * * * * * * *
            CODE    0000H     0003H     ABSOLUTE     
                    0003H     07FDH                  *** GAP ***
            CODE    0800H     008CH     UNIT         ?C_C51STARTUP
            CODE    088CH     0089H     UNIT         ?PR?MAIN?MAIN
            CODE    0915H     003FH     UNIT         ?C_INITSEG
            CODE    0954H     002DH     UNIT         ?PR?__74HC595_WRITEBYTE?MATRIX_LED
            CODE    0981H     0024H     UNIT         ?PR?_MARTRIXLED_SHOWCOLUMN?MATRIX_LED
            CODE    09A5H     0015H     UNIT         ?PR?_DELAY?DELAY
            CODE    09BAH     0005H     UNIT         ?PR?MATRIXLED_INIT?MATRIX_LED



OVERLAY MAP OF MODULE:   .\Objects\test (MAIN)


SEGMENT
  +--> CALLED SEGMENT
---------------------
?C_C51STARTUP
  +--> ?PR?MAIN?MAIN
  +--> ?C_INITSEG

?PR?MAIN?MAIN
  +--> ?PR?MATRIXLED_INIT?MATRIX_LED
  +--> ?PR?_MARTRIXLED_SHOWCOLUMN?MATRIX_LED
  +--> ?PR?_DELAY?DELAY

?PR?_MARTRIXLED_SHOWCOLUMN?MATRIX_LED
  +--> ?PR?__74HC595_WRITEBYTE?MATRIX_LED
  +--> ?PR?_DELAY?DELAY
BL51 BANKED LINKER/LOCATER V6.22.4.0                                                  01/02/2026  15:52:31  PAGE 2





SYMBOL TABLE OF MODULE:  .\Objects\test (MAIN)

  VALUE           TYPE          NAME
  ----------------------------------

  -------         MODULE        MAIN
  C:0000H         SYMBOL        _ICE_DUMMY_
  D:00B0H         PUBLIC        P3
  D:0008H         PUBLIC        Animation
  C:088CH         PUBLIC        main
  D:0040H         PUBLIC        a
  D:0041H         PUBLIC        i
  -------         PROC          MAIN
  C:088CH         LINE#         19
  C:088CH         LINE#         20
  C:088CH         LINE#         21
  C:088FH         LINE#         22
  C:088FH         LINE#         23
  C:088FH         LINE#         24
  C:0892H         LINE#         25
  C:0892H         LINE#         26
  C:089EH         LINE#         27
  C:08AAH         LINE#         28
  C:08B6H         LINE#         29
  C:08C2H         LINE#         30
  C:08CEH         LINE#         31
  C:08DAH         LINE#         32
  C:08E6H         LINE#         33
  C:08F2H         LINE#         34
  C:08F9H         LINE#         35
  C:0907H         LINE#         36
  C:0907H         LINE#         37
  C:0909H         LINE#         38
  C:0909H         LINE#         39
  -------         ENDPROC       MAIN
  -------         ENDMOD        MAIN

  -------         MODULE        DELAY
  C:0000H         SYMBOL        _ICE_DUMMY_
  C:09A5H         PUBLIC        _Delay
  -------         PROC          _DELAY
  D:0006H         SYMBOL        xms
  -------         DO            
  D:0005H         SYMBOL        i
  D:0004H         SYMBOL        j
  -------         ENDDO         
  C:09A5H         LINE#         2
  C:09A5H         LINE#         3
  C:09A5H         LINE#         5
  C:09AFH         LINE#         6
  C:09AFH         LINE#         7
  C:09B1H         LINE#         8
  C:09B3H         LINE#         10
  C:09B3H         LINE#         11
BL51 BANKED LINKER/LOCATER V6.22.4.0                                                  01/02/2026  15:52:31  PAGE 3


  C:09B5H         LINE#         12
  C:09B7H         LINE#         13
  C:09B9H         LINE#         14
  -------         ENDPROC       _DELAY
  -------         ENDMOD        DELAY

  -------         MODULE        MATRIX_LED
  C:0000H         SYMBOL        _ICE_DUMMY_
  D:0080H         PUBLIC        P0
  C:0954H         PUBLIC        __74HC595_WriteByte
  D:00B0H         PUBLIC        P3
  C:0981H         PUBLIC        _MartrixLED_ShowColumn
  C:09BAH         PUBLIC        MatrixLED_Init
  B:00B0H.5       PUBLIC        RCK
  B:00B0H.6       PUBLIC        SCK
  B:00B0H.4       PUBLIC        SER
  -------         PROC          __74HC595_WRITEBYTE
  D:0005H         SYMBOL        byte
  -------         DO            
  D:0003H         SYMBOL        i
  -------         ENDDO         
  C:0954H         LINE#         7
  C:0956H         LINE#         8
  C:0956H         LINE#         9
  C:0958H         LINE#         10
  C:0958H         LINE#         11
  C:0958H         LINE#         12
  C:0974H         LINE#         13
  C:0976H         LINE#         14
  C:0978H         LINE#         15
  C:097CH         LINE#         16
  C:097EH         LINE#         17
  C:0980H         LINE#         18
  -------         ENDPROC       __74HC595_WRITEBYTE
  -------         PROC          _MARTRIXLED_SHOWCOLUMN
  D:0004H         SYMBOL        col
  D:0006H         SYMBOL        Data
  C:0981H         LINE#         20
  C:0985H         LINE#         21
  C:0985H         LINE#         22
  C:098AH         LINE#         23
  C:099AH         LINE#         24
  C:09A1H         LINE#         25
  C:09A4H         LINE#         26
  -------         ENDPROC       _MARTRIXLED_SHOWCOLUMN
  -------         PROC          MATRIXLED_INIT
  C:09BAH         LINE#         30
  C:09BAH         LINE#         31
  C:09BAH         LINE#         32
  C:09BCH         LINE#         33
  C:09BEH         LINE#         34
  -------         ENDPROC       MATRIXLED_INIT
  -------         ENDMOD        MATRIX_LED

******************************************************************************
* RESTRICTED VERSION WITH 0800H BYTE CODE SIZE LIMIT; USED: 0132H BYTE (14%) *
******************************************************************************
BL51 BANKED LINKER/LOCATER V6.22.4.0                                                  01/02/2026  15:52:31  PAGE 4



Program Size: data=67.0 xdata=0 code=450
LINK/LOCATE RUN COMPLETE.  0 WARNING(S),  0 ERROR(S)
