BL51 BANKED LINKER/LOCATER V6.22.4.0                                                    12/25/2025  11:26:22  PAGE 1


BL51 BANKED LINKER/LOCATER V6.22.4.0, INVOKED BY:
C:\KEIL_V5\C51\BIN\BL51.EXE .\Objects\main.obj TO .\Objects\test PRINT (.\Listings\test.m51) RAMSIZE (256)


MEMORY MODEL: SMALL


INPUT MODULES INCLUDED:
  .\Objects\main.obj (MAIN)
  C:\KEIL_V5\C51\LIB\C51S.LIB (?C_STARTUP)


LINK MAP OF MODULE:  .\Objects\test (MAIN)


            TYPE    BASE      LENGTH    RELOCATION   SEGMENT NAME
            -----------------------------------------------------

            * * * * * * *   D A T A   M E M O R Y   * * * * * * *
            REG     0000H     0008H     ABSOLUTE     "REG BANK 0"
            IDATA   0008H     0001H     UNIT         ?STACK

            * * * * * * *   C O D E   M E M O R Y   * * * * * * *
            CODE    0000H     0003H     ABSOLUTE     
                    0003H     07FDH                  *** GAP ***
            CODE    0800H     0022H     UNIT         ?PR?MAIN?MAIN
            CODE    0822H     000FH     UNIT         ?PR?DELAY20MS?MAIN
            CODE    0831H     000CH     UNIT         ?C_C51STARTUP



OVERLAY MAP OF MODULE:   .\Objects\test (MAIN)


SEGMENT
  +--> CALLED SEGMENT
---------------------
?C_C51STARTUP
  +--> ?PR?MAIN?MAIN

?PR?MAIN?MAIN
  +--> ?PR?DELAY20MS?MAIN



SYMBOL TABLE OF MODULE:  .\Objects\test (MAIN)

  VALUE           TYPE          NAME
  ----------------------------------

  -------         MODULE        MAIN
  C:0000H         SYMBOL        _ICE_DUMMY_
  D:00A0H         PUBLIC        P2
  B:00B0H.1       PUBLIC        P3_1
  C:0800H         PUBLIC        main
  C:0822H         PUBLIC        Delay20ms
  -------         PROC          DELAY20MS
  -------         DO            
BL51 BANKED LINKER/LOCATER V6.22.4.0                                                  12/25/2025  11:26:22  PAGE 2


  D:0007H         SYMBOL        i
  D:0006H         SYMBOL        j
  D:0005H         SYMBOL        k
  -------         ENDDO         
  C:0822H         LINE#         5
  C:0822H         LINE#         6
  C:0822H         LINE#         9
  C:0823H         LINE#         10
  C:0824H         LINE#         11
  C:0826H         LINE#         12
  C:0828H         LINE#         13
  C:082AH         LINE#         15
  C:082AH         LINE#         17
  C:082AH         LINE#         18
  C:082CH         LINE#         19
  C:082EH         LINE#         20
  C:0830H         LINE#         21
  -------         ENDPROC       DELAY20MS
  -------         PROC          MAIN
  -------         DO            
  D:0004H         SYMBOL        a
  -------         ENDDO         
  C:0800H         LINE#         23
  C:0800H         LINE#         24
  C:0800H         LINE#         26
  C:0803H         LINE#         27
  C:0803H         LINE#         28
  C:0803H         LINE#         29
  C:0806H         LINE#         30
  C:0809H         LINE#         31
  C:0809H         LINE#         32
  C:080CH         LINE#         33
  C:080FH         LINE#         34
  C:080FH         LINE#         35
  C:0812H         LINE#         36
  C:0818H         LINE#         37
  C:081AH         LINE#         38
  C:081CH         LINE#         39
  C:0820H         LINE#         40
  C:0820H         LINE#         41
  C:0820H         LINE#         42
  -------         ENDPROC       MAIN
  -------         ENDMOD        MAIN

******************************************************************************
* RESTRICTED VERSION WITH 0800H BYTE CODE SIZE LIMIT; USED: 0031H BYTE ( 2%) *
******************************************************************************

Program Size: data=9.0 xdata=0 code=64
LINK/LOCATE RUN COMPLETE.  0 WARNING(S),  0 ERROR(S)
