BL51 BANKED LINKER/LOCATER V6.22.4.0                                                    01/30/2026  21:34:23  PAGE 1


BL51 BANKED LINKER/LOCATER V6.22.4.0, INVOKED BY:
C:\KEIL_V5\C51\BIN\BL51.EXE .\Objects\main.obj, .\Objects\Delay.obj, .\Objects\Key.obj, .\Objects\MatrixKey.obj, .\Objec
>> ts\Nixie.obj TO .\Objects\main PRINT (.\Listings\main.m51) RAMSIZE (256)


MEMORY MODEL: SMALL


INPUT MODULES INCLUDED:
  .\Objects\main.obj (MAIN)
  .\Objects\Delay.obj (DELAY)
  .\Objects\Key.obj (KEY)
  .\Objects\MatrixKey.obj (MATRIXKEY)
  .\Objects\Nixie.obj (NIXIE)
  C:\KEIL_V5\C51\LIB\C51S.LIB (?C_STARTUP)
  C:\KEIL_V5\C51\LIB\C51S.LIB (?C_INIT)


LINK MAP OF MODULE:  .\Objects\main (MAIN)


            TYPE    BASE      LENGTH    RELOCATION   SEGMENT NAME
            -----------------------------------------------------

            * * * * * * *   D A T A   M E M O R Y   * * * * * * *
            REG     0000H     0008H     ABSOLUTE     "REG BANK 0"
            DATA    0008H     000AH     UNIT         ?DT?NIXIE
            DATA    0012H     0002H     UNIT         ?DT?MAIN
            IDATA   0014H     0001H     UNIT         ?STACK

            * * * * * * *   C O D E   M E M O R Y   * * * * * * *
            CODE    0000H     0003H     ABSOLUTE     
                    0003H     07FDH                  *** GAP ***
            CODE    0800H     00F9H     UNIT         ?PR?MATRIXKEY?MATRIXKEY
            CODE    08F9H     008CH     UNIT         ?C_C51STARTUP
            CODE    0985H     0063H     UNIT         ?PR?_NIXIE?NIXIE
            CODE    09E8H     0042H     UNIT         ?PR?MAIN?MAIN
            CODE    0A2AH     003DH     UNIT         ?PR?KEY?KEY
            CODE    0A67H     0015H     UNIT         ?PR?_DELAY?DELAY
            CODE    0A7CH     000FH     UNIT         ?PR?DELAY?KEY
            CODE    0A8BH     000FH     UNIT         ?PR?DELAY1?MATRIXKEY
            CODE    0A9AH     000DH     UNIT         ?C_INITSEG



OVERLAY MAP OF MODULE:   .\Objects\main (MAIN)


SEGMENT
  +--> CALLED SEGMENT
---------------------
?C_C51STARTUP
  +--> ?PR?MAIN?MAIN
  +--> ?C_INITSEG

?PR?MAIN?MAIN
  +--> ?PR?_NIXIE?NIXIE
  +--> ?PR?KEY?KEY
BL51 BANKED LINKER/LOCATER V6.22.4.0                                                  01/30/2026  21:34:23  PAGE 2



?PR?KEY?KEY
  +--> ?PR?DELAY?KEY



SYMBOL TABLE OF MODULE:  .\Objects\main (MAIN)

  VALUE           TYPE          NAME
  ----------------------------------

  -------         MODULE        MAIN
  C:0000H         SYMBOL        _ICE_DUMMY_
  C:09E8H         PUBLIC        main
  D:0012H         PUBLIC        ReadKey
  D:0013H         PUBLIC        count
  -------         PROC          MAIN
  C:09E8H         LINE#         10
  C:09E8H         LINE#         11
  C:09E8H         LINE#         12
  C:09EBH         LINE#         13
  C:09F5H         LINE#         14
  C:09F5H         LINE#         15
  C:09F5H         LINE#         16
  C:09FAH         LINE#         17
  C:09FEH         LINE#         18
  C:09FEH         LINE#         19
  C:0A01H         LINE#         20
  C:0A01H         LINE#         21
  C:0A03H         LINE#         22
  C:0A08H         LINE#         23
  C:0A08H         LINE#         24
  C:0A0BH         LINE#         25
  C:0A0BH         LINE#         26
  C:0A0DH         LINE#         27
  C:0A12H         LINE#         28
  C:0A12H         LINE#         29
  C:0A16H         LINE#         30
  C:0A16H         LINE#         31
  C:0A19H         LINE#         32
  C:0A19H         LINE#         33
  C:0A1BH         LINE#         34
  C:0A1BH         LINE#         35
  C:0A25H         LINE#         36
  C:0A28H         LINE#         37
  C:0A28H         LINE#         38
  -------         ENDPROC       MAIN
  -------         ENDMOD        MAIN

  -------         MODULE        DELAY
  C:0000H         SYMBOL        _ICE_DUMMY_
  C:0A67H         PUBLIC        _Delay
  -------         PROC          _DELAY
  D:0006H         SYMBOL        xms
  -------         DO            
  D:0005H         SYMBOL        i
  D:0004H         SYMBOL        j
BL51 BANKED LINKER/LOCATER V6.22.4.0                                                  01/30/2026  21:34:23  PAGE 3


  -------         ENDDO         
  C:0A67H         LINE#         2
  C:0A67H         LINE#         3
  C:0A67H         LINE#         5
  C:0A71H         LINE#         6
  C:0A71H         LINE#         7
  C:0A73H         LINE#         8
  C:0A75H         LINE#         10
  C:0A75H         LINE#         11
  C:0A77H         LINE#         12
  C:0A79H         LINE#         13
  C:0A7BH         LINE#         14
  -------         ENDPROC       _DELAY
  -------         ENDMOD        DELAY

  -------         MODULE        KEY
  C:0000H         SYMBOL        _ICE_DUMMY_
  C:0A7CH         PUBLIC        delay
  B:00B0H.0       PUBLIC        P3_0
  B:00B0H.1       PUBLIC        P3_1
  B:00B0H.2       PUBLIC        P3_2
  B:00B0H.3       PUBLIC        P3_3
  C:0A2AH         PUBLIC        Key
  -------         PROC          DELAY
  -------         DO            
  D:0007H         SYMBOL        i
  D:0006H         SYMBOL        j
  D:0005H         SYMBOL        k
  -------         ENDDO         
  C:0A7CH         LINE#         3
  C:0A7CH         LINE#         4
  C:0A7CH         LINE#         7
  C:0A7DH         LINE#         8
  C:0A7EH         LINE#         9
  C:0A80H         LINE#         10
  C:0A82H         LINE#         11
  C:0A84H         LINE#         13
  C:0A84H         LINE#         15
  C:0A84H         LINE#         16
  C:0A86H         LINE#         17
  C:0A88H         LINE#         18
  C:0A8AH         LINE#         19
  -------         ENDPROC       DELAY
  -------         PROC          KEY
  -------         DO            
  D:0004H         SYMBOL        Keynum
  -------         ENDDO         
  C:0A2AH         LINE#         21
  C:0A2AH         LINE#         22
  C:0A2AH         LINE#         23
  C:0A2CH         LINE#         24
  C:0A3AH         LINE#         25
  C:0A48H         LINE#         26
  C:0A56H         LINE#         27
  C:0A64H         LINE#         28
  C:0A66H         LINE#         29
  -------         ENDPROC       KEY
BL51 BANKED LINKER/LOCATER V6.22.4.0                                                  01/30/2026  21:34:23  PAGE 4


  -------         ENDMOD        KEY

  -------         MODULE        MATRIXKEY
  C:0000H         SYMBOL        _ICE_DUMMY_
  D:0090H         PUBLIC        P1
  B:0090H.0       PUBLIC        P1_0
  B:0090H.1       PUBLIC        P1_1
  B:0090H.2       PUBLIC        P1_2
  B:0090H.3       PUBLIC        P1_3
  B:0090H.4       PUBLIC        P1_4
  B:0090H.5       PUBLIC        P1_5
  B:0090H.6       PUBLIC        P1_6
  B:0090H.7       PUBLIC        P1_7
  C:0800H         PUBLIC        MatrixKey
  C:0A8BH         PUBLIC        delay1
  -------         PROC          DELAY1
  -------         DO            
  D:0007H         SYMBOL        i
  D:0006H         SYMBOL        j
  D:0005H         SYMBOL        k
  -------         ENDDO         
  C:0A8BH         LINE#         4
  C:0A8BH         LINE#         5
  C:0A8BH         LINE#         8
  C:0A8CH         LINE#         9
  C:0A8DH         LINE#         10
  C:0A8FH         LINE#         11
  C:0A91H         LINE#         12
  C:0A93H         LINE#         14
  C:0A93H         LINE#         16
  C:0A93H         LINE#         17
  C:0A95H         LINE#         18
  C:0A97H         LINE#         19
  C:0A99H         LINE#         20
  -------         ENDPROC       DELAY1
  -------         PROC          MATRIXKEY
  -------         DO            
  D:0004H         SYMBOL        key
  -------         ENDDO         
  C:0800H         LINE#         21
  C:0800H         LINE#         22
  C:0800H         LINE#         23
  C:0802H         LINE#         24
  C:0805H         LINE#         25
  C:0807H         LINE#         26
  C:0815H         LINE#         27
  C:0823H         LINE#         28
  C:0831H         LINE#         29
  C:083FH         LINE#         30
  C:0842H         LINE#         31
  C:0844H         LINE#         32
  C:0852H         LINE#         33
  C:0860H         LINE#         34
  C:086EH         LINE#         35
  C:087CH         LINE#         36
  C:087FH         LINE#         37
  C:0881H         LINE#         38
BL51 BANKED LINKER/LOCATER V6.22.4.0                                                  01/30/2026  21:34:23  PAGE 5


  C:088FH         LINE#         39
  C:089DH         LINE#         40
  C:08ABH         LINE#         41
  C:08B9H         LINE#         42
  C:08BCH         LINE#         43
  C:08BEH         LINE#         44
  C:08CCH         LINE#         45
  C:08DAH         LINE#         46
  C:08E8H         LINE#         47
  C:08F6H         LINE#         49
  C:08F8H         LINE#         50
  -------         ENDPROC       MATRIXKEY
  -------         ENDMOD        MATRIXKEY

  -------         MODULE        NIXIE
  C:0000H         SYMBOL        _ICE_DUMMY_
  C:0985H         PUBLIC        _Nixie
  D:0080H         PUBLIC        P0
  B:00A0H.2       PUBLIC        P2_2
  B:00A0H.3       PUBLIC        P2_3
  B:00A0H.4       PUBLIC        P2_4
  D:0008H         PUBLIC        NixieTable
  -------         PROC          _NIXIE
  D:0007H         SYMBOL        Location
  D:0005H         SYMBOL        Number
  C:0985H         LINE#         13
  C:0985H         LINE#         14
  C:0985H         LINE#         15
  C:09B2H         LINE#         16
  C:09B2H         LINE#         17
  C:09B6H         LINE#         18
  C:09BAH         LINE#         19
  C:09BEH         LINE#         20
  C:09C2H         LINE#         21
  C:09CAH         LINE#         22
  C:09D2H         LINE#         23
  C:09DAH         LINE#         24
  C:09E0H         LINE#         25
  C:09E0H         LINE#         26
  C:09E7H         LINE#         29
  -------         ENDPROC       _NIXIE
  -------         ENDMOD        NIXIE

*** WARNING L16: UNCALLED SEGMENT, IGNORED FOR OVERLAY PROCESS
    SEGMENT: ?PR?_DELAY?DELAY

*** WARNING L16: UNCALLED SEGMENT, IGNORED FOR OVERLAY PROCESS
    SEGMENT: ?PR?MATRIXKEY?MATRIXKEY

******************************************************************************
* RESTRICTED VERSION WITH 0800H BYTE CODE SIZE LIMIT; USED: 021AH BYTE (26%) *
******************************************************************************

Program Size: data=21.0 xdata=0 code=682
LINK/LOCATE RUN COMPLETE.  2 WARNING(S),  0 ERROR(S)
