BL51 BANKED LINKER/LOCATER V6.22.4.0                                                    12/26/2025  20:13:46  PAGE 1


BL51 BANKED LINKER/LOCATER V6.22.4.0, INVOKED BY:
C:\KEIL_V5\C51\BIN\BL51.EXE .\Objects\main.obj, .\Objects\LCD1602.obj TO .\Objects\test PRINT (.\Listings\test.m51) RAMS
>> IZE (256)


MEMORY MODEL: SMALL


INPUT MODULES INCLUDED:
  .\Objects\main.obj (MAIN)
  .\Objects\LCD1602.obj (LCD1602)
  C:\KEIL_V5\C51\LIB\C51S.LIB (?C_STARTUP)
  C:\KEIL_V5\C51\LIB\C51S.LIB (?C?CLDOPTR)
  C:\KEIL_V5\C51\LIB\C51S.LIB (?C?IMUL)
  C:\KEIL_V5\C51\LIB\C51S.LIB (?C?UIDIV)


LINK MAP OF MODULE:  .\Objects\test (MAIN)


            TYPE    BASE      LENGTH    RELOCATION   SEGMENT NAME
            -----------------------------------------------------

            * * * * * * *   D A T A   M E M O R Y   * * * * * * *
            REG     0000H     0008H     ABSOLUTE     "REG BANK 0"
            DATA    0008H     0009H     UNIT         _DATA_GROUP_
            DATA    0011H     0007H     UNIT         ?DT?_LCD_SHOWSIGNEDNUM?LCD1602
            DATA    0018H     0005H     UNIT         ?DT?_LCD_SHOWHEXNUM?LCD1602
            DATA    001DH     0005H     UNIT         ?DT?_LCD_SHOWBINNUM?LCD1602
            IDATA   0022H     0001H     UNIT         ?STACK

            * * * * * * *   C O D E   M E M O R Y   * * * * * * *
            CODE    0000H     0003H     ABSOLUTE     
                    0003H     07FDH                  *** GAP ***
            CODE    0800H     0094H     UNIT         ?C?LIB_CODE
            CODE    0894H     003AH     UNIT         ?PR?_LCD_SHOWSIGNEDNUM?LCD1602
            CODE    08CEH     0039H     UNIT         ?PR?_LCD_SHOWHEXNUM?LCD1602
            CODE    0907H     0038H     UNIT         ?PR?_LCD_SHOWBINNUM?LCD1602
            CODE    093FH     0033H     UNIT         ?PR?_LCD_POW?LCD1602
            CODE    0972H     0023H     UNIT         ?PR?_LCD_SHOWSTRING?LCD1602
            CODE    0995H     0020H     UNIT         ?PR?MAIN?MAIN
            CODE    09B5H     001EH     UNIT         ?PR?_LCD_WRITEDATA?LCD1602
            CODE    09D3H     001DH     UNIT         ?PR?_LCD_SHOWNUM?LCD1602
            CODE    09F0H     0016H     UNIT         ?PR?_LCD_SETCURSOR?LCD1602
            CODE    0A06H     0014H     UNIT         ?PR?LCD_INIT?LCD1602
            CODE    0A1AH     000FH     UNIT         ?PR?LCD_DELAY?LCD1602
            CODE    0A29H     000CH     UNIT         ?CO?MAIN
            CODE    0A35H     000CH     UNIT         ?C_C51STARTUP
            CODE    0A41H     000AH     UNIT         ?PR?_LCD_WRITECOMMAND?LCD1602
            CODE    0A4BH     000AH     UNIT         ?PR?_LCD_SHOWCHAR?LCD1602



OVERLAY MAP OF MODULE:   .\Objects\test (MAIN)


SEGMENT                                  DATA_GROUP 
  +--> CALLED SEGMENT                  START    LENGTH
BL51 BANKED LINKER/LOCATER V6.22.4.0                                                  12/26/2025  20:13:46  PAGE 2


------------------------------------------------------
?C_C51STARTUP                          -----    -----
  +--> ?PR?MAIN?MAIN

?PR?MAIN?MAIN                          -----    -----
  +--> ?PR?LCD_INIT?LCD1602
  +--> ?CO?MAIN
  +--> ?PR?_LCD_SHOWSTRING?LCD1602
  +--> ?PR?_LCD_SHOWNUM?LCD1602

?PR?LCD_INIT?LCD1602                   -----    -----
  +--> ?PR?_LCD_WRITECOMMAND?LCD1602

?PR?_LCD_WRITECOMMAND?LCD1602          -----    -----
  +--> ?PR?LCD_DELAY?LCD1602

?PR?_LCD_SHOWSTRING?LCD1602            0008H    0003H
  +--> ?PR?_LCD_SETCURSOR?LCD1602
  +--> ?PR?_LCD_WRITEDATA?LCD1602

?PR?_LCD_SETCURSOR?LCD1602             -----    -----
  +--> ?PR?_LCD_WRITECOMMAND?LCD1602

?PR?_LCD_WRITEDATA?LCD1602             -----    -----
  +--> ?PR?LCD_DELAY?LCD1602

?PR?_LCD_SHOWNUM?LCD1602               0008H    0005H
  +--> ?PR?_LCD_SETCURSOR?LCD1602
  +--> ?PR?_LCD_POW?LCD1602
  +--> ?PR?_LCD_WRITEDATA?LCD1602

?PR?_LCD_POW?LCD1602                   000DH    0004H



SYMBOL TABLE OF MODULE:  .\Objects\test (MAIN)

  VALUE           TYPE          NAME
  ----------------------------------

  -------         MODULE        MAIN
  C:0000H         SYMBOL        _ICE_DUMMY_
  C:0995H         PUBLIC        main
  -------         PROC          MAIN
  C:0995H         LINE#         4
  C:0995H         LINE#         5
  C:0995H         LINE#         6
  C:0998H         LINE#         7
  C:09A5H         LINE#         8
  C:09B3H         LINE#         9
  -------         ENDPROC       MAIN
  -------         ENDMOD        MAIN

  -------         MODULE        LCD1602
  C:0000H         SYMBOL        _ICE_DUMMY_
  D:0080H         PUBLIC        P0
  D:00A0H         PUBLIC        P2
BL51 BANKED LINKER/LOCATER V6.22.4.0                                                  12/26/2025  20:13:46  PAGE 3


  C:0A41H         PUBLIC        _LCD_WriteCommand
  C:09D3H         PUBLIC        _LCD_ShowNum
  C:0907H         PUBLIC        _LCD_ShowBinNum
  C:0A20H         PUBLIC        LCD_Delay
  C:08CEH         PUBLIC        _LCD_ShowHexNum
  C:09C9H         PUBLIC        _LCD_WriteData
  B:00A0H.7       PUBLIC        LCD_EN
  C:0A06H         PUBLIC        LCD_Init
  C:0972H         PUBLIC        _LCD_ShowString
  C:0A4BH         PUBLIC        _LCD_ShowChar
  B:00A0H.6       PUBLIC        LCD_RS
  B:00A0H.5       PUBLIC        LCD_RW
  C:09F0H         PUBLIC        _LCD_SetCursor
  C:0894H         PUBLIC        _LCD_ShowSignedNum
  C:094BH         PUBLIC        _LCD_Pow
  -------         PROC          L?0048
  -------         ENDPROC       L?0048
  -------         PROC          LCD_DELAY
  -------         DO            
  D:0007H         SYMBOL        i
  D:0006H         SYMBOL        j
  -------         ENDDO         
  C:0A20H         LINE#         15
  C:0A20H         LINE#         16
  C:0A20H         LINE#         19
  C:0A22H         LINE#         20
  C:0A24H         LINE#         22
  C:0A24H         LINE#         23
  C:0A26H         LINE#         24
  C:0A28H         LINE#         25
  -------         ENDPROC       LCD_DELAY
  -------         PROC          _LCD_WRITECOMMAND
  D:0007H         SYMBOL        Command
  C:0A41H         LINE#         32
  C:0A41H         LINE#         33
  C:0A41H         LINE#         34
  C:0A43H         LINE#         35
  C:0A43H         LINE#         36
  C:0A43H         LINE#         37
  C:0A43H         LINE#         38
  C:0A46H         LINE#         39
  C:0A48H         LINE#         40
  -------         ENDPROC       _LCD_WRITECOMMAND
  -------         PROC          L?0047
  -------         ENDPROC       L?0047
  -------         PROC          _LCD_WRITEDATA
  D:0007H         SYMBOL        Data
  C:09C9H         LINE#         48
  C:09C9H         LINE#         49
  C:09C9H         LINE#         50
  C:09CBH         LINE#         51
  C:09CBH         LINE#         52
  C:09CBH         LINE#         53
  C:09CBH         LINE#         54
  C:09CEH         LINE#         55
  C:09D0H         LINE#         56
  -------         ENDPROC       _LCD_WRITEDATA
BL51 BANKED LINKER/LOCATER V6.22.4.0                                                  12/26/2025  20:13:46  PAGE 4


  -------         PROC          _LCD_SETCURSOR
  D:0006H         SYMBOL        Line
  D:0005H         SYMBOL        Column
  C:09F0H         LINE#         65
  C:09F2H         LINE#         66
  C:09F2H         LINE#         67
  C:09F5H         LINE#         68
  C:09F5H         LINE#         69
  C:09F7H         LINE#         70
  C:09F9H         LINE#         71
  C:09FCH         LINE#         72
  C:09FCH         LINE#         73
  C:0A05H         LINE#         74
  C:0A05H         LINE#         75
  -------         ENDPROC       _LCD_SETCURSOR
  -------         PROC          LCD_INIT
  C:0A06H         LINE#         82
  C:0A06H         LINE#         83
  C:0A06H         LINE#         84
  C:0A0BH         LINE#         85
  C:0A10H         LINE#         86
  C:0A15H         LINE#         87
  -------         ENDPROC       LCD_INIT
  -------         PROC          _LCD_SHOWCHAR
  D:0006H         SYMBOL        Line
  D:0005H         SYMBOL        Column
  D:0004H         SYMBOL        Char
  C:0A4BH         LINE#         97
  C:0A4DH         LINE#         98
  C:0A4DH         LINE#         99
  C:0A50H         LINE#         100
  -------         ENDPROC       _LCD_SHOWCHAR
  -------         PROC          _LCD_SHOWSTRING
  D:0007H         SYMBOL        Line
  D:0005H         SYMBOL        Column
  D:0008H         SYMBOL        String
  -------         DO            
  D:0005H         SYMBOL        i
  -------         ENDDO         
  C:0972H         LINE#         110
  C:0978H         LINE#         111
  C:0978H         LINE#         113
  C:097BH         LINE#         114
  C:098EH         LINE#         115
  C:098EH         LINE#         116
  C:0991H         LINE#         117
  C:0994H         LINE#         118
  -------         ENDPROC       _LCD_SHOWSTRING
  C:0941H         SYMBOL        L?0046
  -------         PROC          L?0045
  -------         ENDPROC       L?0045
  C:0941H         SYMBOL        L?0046
  -------         PROC          _LCD_POW
  D:000DH         SYMBOL        X
  D:000FH         SYMBOL        Y
  -------         DO            
  D:0003H         SYMBOL        i
BL51 BANKED LINKER/LOCATER V6.22.4.0                                                  12/26/2025  20:13:46  PAGE 5


  D:0006H         SYMBOL        Result
  -------         ENDDO         
  C:094BH         LINE#         123
  C:0953H         LINE#         124
  C:0953H         LINE#         126
  C:0957H         LINE#         127
  C:0967H         LINE#         128
  C:0967H         LINE#         129
  C:096EH         LINE#         130
  C:0971H         LINE#         131
  C:0971H         LINE#         132
  -------         ENDPROC       _LCD_POW
  -------         PROC          _LCD_SHOWNUM
  D:0007H         SYMBOL        Line
  D:0005H         SYMBOL        Column
  D:000AH         SYMBOL        Number
  D:000CH         SYMBOL        Length
  -------         DO            
  D:0002H         SYMBOL        i
  -------         ENDDO         
  C:09D3H         LINE#         142
  C:09D7H         LINE#         143
  C:09D7H         LINE#         145
  C:09DAH         LINE#         146
  C:09E2H         LINE#         147
  C:09E2H         LINE#         148
  C:09ECH         LINE#         149
  C:09EFH         LINE#         150
  -------         ENDPROC       _LCD_SHOWNUM
  -------         PROC          _LCD_SHOWSIGNEDNUM
  D:0007H         SYMBOL        Line
  D:0005H         SYMBOL        Column
  D:0002H         SYMBOL        Number
  D:0015H         SYMBOL        Length
  -------         DO            
  D:0002H         SYMBOL        i
  D:0016H         SYMBOL        Number1
  -------         ENDDO         
  C:0894H         LINE#         160
  C:0894H         LINE#         161
  C:0894H         LINE#         164
  C:0897H         LINE#         165
  C:089FH         LINE#         166
  C:089FH         LINE#         167
  C:08A4H         LINE#         168
  C:08A8H         LINE#         169
  C:08AAH         LINE#         171
  C:08AAH         LINE#         172
  C:08AFH         LINE#         173
  C:08B8H         LINE#         174
  C:08B8H         LINE#         175
  C:08C0H         LINE#         176
  C:08C0H         LINE#         177
  C:08CAH         LINE#         178
  C:08CDH         LINE#         179
  -------         ENDPROC       _LCD_SHOWSIGNEDNUM
  -------         PROC          _LCD_SHOWHEXNUM
BL51 BANKED LINKER/LOCATER V6.22.4.0                                                  12/26/2025  20:13:46  PAGE 6


  D:0007H         SYMBOL        Line
  D:0005H         SYMBOL        Column
  D:001AH         SYMBOL        Number
  D:001CH         SYMBOL        Length
  -------         DO            
  D:0002H         SYMBOL        i
  D:0006H         SYMBOL        SingleNumber
  -------         ENDDO         
  C:08CEH         LINE#         189
  C:08D2H         LINE#         190
  C:08D2H         LINE#         192
  C:08D5H         LINE#         193
  C:08DDH         LINE#         194
  C:08DDH         LINE#         195
  C:08F3H         LINE#         196
  C:08F9H         LINE#         197
  C:08F9H         LINE#         198
  C:08FBH         LINE#         199
  C:08FDH         LINE#         201
  C:08FDH         LINE#         202
  C:0903H         LINE#         203
  C:0903H         LINE#         204
  C:0906H         LINE#         205
  -------         ENDPROC       _LCD_SHOWHEXNUM
  -------         PROC          _LCD_SHOWBINNUM
  D:0007H         SYMBOL        Line
  D:0005H         SYMBOL        Column
  D:001FH         SYMBOL        Number
  D:0021H         SYMBOL        Length
  -------         DO            
  D:0002H         SYMBOL        i
  -------         ENDDO         
  C:0907H         LINE#         215
  C:090BH         LINE#         216
  C:090BH         LINE#         218
  C:090EH         LINE#         219
  C:0916H         LINE#         220
  C:0916H         LINE#         221
  C:093BH         LINE#         222
  C:093EH         LINE#         223
  -------         ENDPROC       _LCD_SHOWBINNUM
  -------         ENDMOD        LCD1602

  -------         MODULE        ?C?CLDOPTR
  C:0800H         PUBLIC        ?C?CLDOPTR
  -------         ENDMOD        ?C?CLDOPTR

  -------         MODULE        ?C?IMUL
  C:082DH         PUBLIC        ?C?IMUL
  -------         ENDMOD        ?C?IMUL

  -------         MODULE        ?C?UIDIV
  C:083FH         PUBLIC        ?C?UIDIV
  -------         ENDMOD        ?C?UIDIV

*** WARNING L16: UNCALLED SEGMENT, IGNORED FOR OVERLAY PROCESS
    SEGMENT: ?PR?_LCD_SHOWCHAR?LCD1602
BL51 BANKED LINKER/LOCATER V6.22.4.0                                                  12/26/2025  20:13:46  PAGE 7



*** WARNING L16: UNCALLED SEGMENT, IGNORED FOR OVERLAY PROCESS
    SEGMENT: ?PR?_LCD_SHOWSIGNEDNUM?LCD1602

*** WARNING L16: UNCALLED SEGMENT, IGNORED FOR OVERLAY PROCESS
    SEGMENT: ?PR?_LCD_SHOWHEXNUM?LCD1602

*** WARNING L16: UNCALLED SEGMENT, IGNORED FOR OVERLAY PROCESS
    SEGMENT: ?PR?_LCD_SHOWBINNUM?LCD1602

******************************************************************************
* RESTRICTED VERSION WITH 0800H BYTE CODE SIZE LIMIT; USED: 01B5H BYTE (21%) *
******************************************************************************

Program Size: data=35.0 xdata=0 code=600
LINK/LOCATE RUN COMPLETE.  4 WARNING(S),  0 ERROR(S)
